compiling Test.hs, using (Test.hs,Test.hss resume)
ghc-7.4.1 Test.hs     -fforce-recomp -O2 -dcore-lint -fsimple-list-literals -fplugin=HERMIT -fplugin-opt=HERMIT:main:Main:Test.hss -fplugin-opt=HERMIT:main:Main:resume 
[1 of 1] Compiling Main             ( Test.hs, Test.o )
Loading package ghc-prim ... linking ... done.
Loading package integer-gmp ... linking ... done.
Loading package base ... linking ... done.
Loading package array-0.4.0.0 ... linking ... done.
Loading package deepseq-1.3.0.0 ... linking ... done.
Loading package containers-0.4.2.1 ... linking ... done.
Loading package filepath-1.3.0.0 ... linking ... done.
Loading package old-locale-1.0.0.4 ... linking ... done.
Loading package old-time-1.1.0.0 ... linking ... done.
Loading package bytestring-0.9.2.1 ... linking ... done.
Loading package unix-2.5.1.0 ... linking ... done.
Loading package directory-1.1.0.2 ... linking ... done.
Loading package pretty-1.1.1.0 ... linking ... done.
Loading package process-1.1.0.1 ... linking ... done.
Loading package Cabal-1.14.0 ... linking ... done.
Loading package binary-0.5.1.0 ... linking ... done.
Loading package bin-package-db-0.0.0.0 ... linking ... done.
Loading package hoopl-3.8.7.3 ... linking ... done.
Loading package hpc-0.5.1.1 ... linking ... done.
Loading package template-haskell ... linking ... done.
Loading package ghc-7.4.1 ... linking ... done.
Loading package extensible-exceptions-0.1.1.4 ... linking ... done.
Loading package text-0.11.1.13 ... linking ... done.
Loading package attoparsec-0.10.1.1 ... linking ... done.
Loading package blaze-builder-0.3.1.0 ... linking ... done.
Loading package dlist-0.5 ... linking ... done.
Loading package hashable-1.1.2.3 ... linking ... done.
Loading package transformers-0.2.2.0 ... linking ... done.
Loading package mtl-2.0.1.0 ... linking ... done.
Loading package syb-0.3.6 ... linking ... done.
Loading package time-1.4 ... linking ... done.
Loading package unordered-containers-0.2.1.0 ... linking ... done.
Loading package primitive-0.4.1 ... linking ... done.
Loading package vector-0.9.1 ... linking ... done.
Loading package aeson-0.6.0.2 ... linking ... done.
Loading package ansi-terminal-0.5.5 ... linking ... done.
Loading package data-default-0.4.0 ... linking ... done.
Loading package terminfo-0.3.2.3 ... linking ... done.
Loading package utf8-string-0.3.7 ... linking ... done.
Loading package haskeline-0.6.4.7 ... linking ... done.
Loading package kure-2.1.15 ... linking ... done.
Loading package marked-pretty-0.1 ... linking ... done.
Loading package stm-2.2.0.1 ... linking ... done.
Loading package hermit-0.1 ... linking ... done.
["main:Main:resume","main:Main:Test.hss"]
["main:Main:resume","main:Main:Test.hss"]
("files",["resume","Test.hss"])
0
[including Test.hss]
module main:Main where
  $dShow :: Show [] Char
  main :: IO ()
  beta_reduce_start :: Int
  beta_reduce_end :: Int
  main :: IO ()

module main:Main where
  $dShow :: Show [] Char
  main :: IO ()
  beta_reduce_start :: Int
  beta_reduce_end :: Int
  main :: IO ()

(\ x -> (+) * $fNumInt x (I# 2)) (I# 1)

let x = I# 1 in (+) * $fNumInt x (I# 2)

(+) * $fNumInt (I# 1) (I# 2)

module main:Main where
  $dShow :: Show [] Char
  main :: IO ()
  beta_reduce_start :: Int
  beta_reduce_end :: Int
  main :: IO ()

beta_reduce_start and beta_reduce_end are equal
Linking Test ...
